Analysis & Synthesis report for lab4
Thu Oct 15 17:33:23 2020
Quartus Prime Version 17.1.0 Build 590 10/25/2017 SJ Lite Edition


---------------------
; Table of Contents ;
---------------------
  1. Legal Notice
  2. Analysis & Synthesis Summary
  3. Analysis & Synthesis Settings
  4. Parallel Compilation
  5. Analysis & Synthesis Source Files Read
  6. Analysis & Synthesis Resource Usage Summary
  7. Analysis & Synthesis Resource Utilization by Entity
  8. State Machine - |top_level|gray2:U_GRAY|state
  9. General Register Statistics
 10. Multiplexer Restructuring Statistics (Restructuring Performed)
 11. Parameter Settings for User Entity Instance: clk_gen:U_CLK_GEN
 12. Port Connectivity Checks: "decoder7seg:U_LED0"
 13. Port Connectivity Checks: "decoder7seg:U_LED1"
 14. Port Connectivity Checks: "decoder7seg:U_LED2"
 15. Port Connectivity Checks: "decoder7seg:U_LED3"
 16. Post-Synthesis Netlist Statistics for Top Partition
 17. Elapsed Time Per Partition
 18. Analysis & Synthesis Messages



----------------
; Legal Notice ;
----------------
Copyright (C) 2017  Intel Corporation. All rights reserved.
Your use of Intel Corporation's design tools, logic functions 
and other software and tools, and its AMPP partner logic 
functions, and any output files from any of the foregoing 
(including device programming or simulation files), and any 
associated documentation or information are expressly subject 
to the terms and conditions of the Intel Program License 
Subscription Agreement, the Intel Quartus Prime License Agreement,
the Intel FPGA IP License Agreement, or other applicable license
agreement, including, without limitation, that your use is for
the sole purpose of programming logic devices manufactured by
Intel and sold by Intel or its authorized distributors.  Please
refer to the applicable agreement for further details.



+----------------------------------------------------------------------------------+
; Analysis & Synthesis Summary                                                     ;
+------------------------------------+---------------------------------------------+
; Analysis & Synthesis Status        ; Successful - Thu Oct 15 17:33:23 2020       ;
; Quartus Prime Version              ; 17.1.0 Build 590 10/25/2017 SJ Lite Edition ;
; Revision Name                      ; lab4                                        ;
; Top-level Entity Name              ; top_level                                   ;
; Family                             ; MAX 10                                      ;
; Total logic elements               ; 198                                         ;
;     Total combinational functions  ; 184                                         ;
;     Dedicated logic registers      ; 85                                          ;
; Total registers                    ; 85                                          ;
; Total pins                         ; 63                                          ;
; Total virtual pins                 ; 0                                           ;
; Total memory bits                  ; 0                                           ;
; Embedded Multiplier 9-bit elements ; 0                                           ;
; Total PLLs                         ; 0                                           ;
; UFM blocks                         ; 0                                           ;
; ADC blocks                         ; 0                                           ;
+------------------------------------+---------------------------------------------+


+----------------------------------------------------------------------------------------------------------------------+
; Analysis & Synthesis Settings                                                                                        ;
+----------------------------------------------------------------------------+--------------------+--------------------+
; Option                                                                     ; Setting            ; Default Value      ;
+----------------------------------------------------------------------------+--------------------+--------------------+
; Device                                                                     ; 10M50DAF484C7G     ;                    ;
; Top-level entity name                                                      ; top_level          ; lab4               ;
; Family name                                                                ; MAX 10             ; Cyclone V          ;
; Use smart compilation                                                      ; Off                ; Off                ;
; Enable parallel Assembler and TimeQuest Timing Analyzer during compilation ; On                 ; On                 ;
; Enable compact report table                                                ; Off                ; Off                ;
; Restructure Multiplexers                                                   ; Auto               ; Auto               ;
; Create Debugging Nodes for IP Cores                                        ; Off                ; Off                ;
; Preserve fewer node names                                                  ; On                 ; On                 ;
; Intel FPGA IP Evaluation Mode                                              ; Enable             ; Enable             ;
; Verilog Version                                                            ; Verilog_2001       ; Verilog_2001       ;
; VHDL Version                                                               ; VHDL_1993          ; VHDL_1993          ;
; State Machine Processing                                                   ; Auto               ; Auto               ;
; Safe State Machine                                                         ; Off                ; Off                ;
; Extract Verilog State Machines                                             ; On                 ; On                 ;
; Extract VHDL State Machines                                                ; On                 ; On                 ;
; Ignore Verilog initial constructs                                          ; Off                ; Off                ;
; Iteration limit for constant Verilog loops                                 ; 5000               ; 5000               ;
; Iteration limit for non-constant Verilog loops                             ; 250                ; 250                ;
; Add Pass-Through Logic to Inferred RAMs                                    ; On                 ; On                 ;
; Infer RAMs from Raw Logic                                                  ; On                 ; On                 ;
; Parallel Synthesis                                                         ; On                 ; On                 ;
; DSP Block Balancing                                                        ; Auto               ; Auto               ;
; NOT Gate Push-Back                                                         ; On                 ; On                 ;
; Power-Up Don't Care                                                        ; On                 ; On                 ;
; Remove Redundant Logic Cells                                               ; Off                ; Off                ;
; Remove Duplicate Registers                                                 ; On                 ; On                 ;
; Ignore CARRY Buffers                                                       ; Off                ; Off                ;
; Ignore CASCADE Buffers                                                     ; Off                ; Off                ;
; Ignore GLOBAL Buffers                                                      ; Off                ; Off                ;
; Ignore ROW GLOBAL Buffers                                                  ; Off                ; Off                ;
; Ignore LCELL Buffers                                                       ; Off                ; Off                ;
; Ignore SOFT Buffers                                                        ; On                 ; On                 ;
; Limit AHDL Integers to 32 Bits                                             ; Off                ; Off                ;
; Optimization Technique                                                     ; Balanced           ; Balanced           ;
; Carry Chain Length                                                         ; 70                 ; 70                 ;
; Auto Carry Chains                                                          ; On                 ; On                 ;
; Auto Open-Drain Pins                                                       ; On                 ; On                 ;
; Perform WYSIWYG Primitive Resynthesis                                      ; Off                ; Off                ;
; Auto ROM Replacement                                                       ; On                 ; On                 ;
; Auto RAM Replacement                                                       ; On                 ; On                 ;
; Auto DSP Block Replacement                                                 ; On                 ; On                 ;
; Auto Shift Register Replacement                                            ; Auto               ; Auto               ;
; Allow Shift Register Merging across Hierarchies                            ; Auto               ; Auto               ;
; Auto Clock Enable Replacement                                              ; On                 ; On                 ;
; Strict RAM Replacement                                                     ; Off                ; Off                ;
; Allow Synchronous Control Signals                                          ; On                 ; On                 ;
; Force Use of Synchronous Clear Signals                                     ; Off                ; Off                ;
; Auto RAM Block Balancing                                                   ; On                 ; On                 ;
; Auto RAM to Logic Cell Conversion                                          ; Off                ; Off                ;
; Auto Resource Sharing                                                      ; Off                ; Off                ;
; Allow Any RAM Size For Recognition                                         ; Off                ; Off                ;
; Allow Any ROM Size For Recognition                                         ; Off                ; Off                ;
; Allow Any Shift Register Size For Recognition                              ; Off                ; Off                ;
; Use LogicLock Constraints during Resource Balancing                        ; On                 ; On                 ;
; Ignore translate_off and synthesis_off directives                          ; Off                ; Off                ;
; Timing-Driven Synthesis                                                    ; On                 ; On                 ;
; Report Parameter Settings                                                  ; On                 ; On                 ;
; Report Source Assignments                                                  ; On                 ; On                 ;
; Report Connectivity Checks                                                 ; On                 ; On                 ;
; Ignore Maximum Fan-Out Assignments                                         ; Off                ; Off                ;
; Synchronization Register Chain Length                                      ; 2                  ; 2                  ;
; Power Optimization During Synthesis                                        ; Normal compilation ; Normal compilation ;
; HDL message level                                                          ; Level2             ; Level2             ;
; Suppress Register Optimization Related Messages                            ; Off                ; Off                ;
; Number of Removed Registers Reported in Synthesis Report                   ; 5000               ; 5000               ;
; Number of Swept Nodes Reported in Synthesis Report                         ; 5000               ; 5000               ;
; Number of Inverted Registers Reported in Synthesis Report                  ; 100                ; 100                ;
; Clock MUX Protection                                                       ; On                 ; On                 ;
; Auto Gated Clock Conversion                                                ; Off                ; Off                ;
; Block Design Naming                                                        ; Auto               ; Auto               ;
; SDC constraint protection                                                  ; Off                ; Off                ;
; Synthesis Effort                                                           ; Auto               ; Auto               ;
; Shift Register Replacement - Allow Asynchronous Clear Signal               ; On                 ; On                 ;
; Pre-Mapping Resynthesis Optimization                                       ; Off                ; Off                ;
; Analysis & Synthesis Message Level                                         ; Medium             ; Medium             ;
; Disable Register Merging Across Hierarchies                                ; Auto               ; Auto               ;
; Resource Aware Inference For Block RAM                                     ; On                 ; On                 ;
+----------------------------------------------------------------------------+--------------------+--------------------+


+------------------------------------------+
; Parallel Compilation                     ;
+----------------------------+-------------+
; Processors                 ; Number      ;
+----------------------------+-------------+
; Number detected on machine ; 24          ;
; Maximum allowed            ; 16          ;
;                            ;             ;
; Average used               ; 1.00        ;
; Maximum used               ; 16          ;
;                            ;             ;
; Usage by Processor         ; % Time Used ;
;     Processor 1            ; 100.0%      ;
;     Processors 2-16        ;   0.0%      ;
+----------------------------+-------------+


+----------------------------------------------------------------------------------------------------------------------------+
; Analysis & Synthesis Source Files Read                                                                                     ;
+----------------------------------+-----------------+-----------------+-------------------------------------------+---------+
; File Name with User-Entered Path ; Used in Netlist ; File Type       ; File Name with Absolute Path              ; Library ;
+----------------------------------+-----------------+-----------------+-------------------------------------------+---------+
; ../../lab2/decoder7seg.vhd       ; yes             ; User VHDL File  ; D:/digitalDesign/lab2/decoder7seg.vhd     ;         ;
; top_level.vhd                    ; yes             ; User VHDL File  ; D:/digitalDesign/Lab4/Lab 4/top_level.vhd ;         ;
; counter.vhd                      ; yes             ; User VHDL File  ; D:/digitalDesign/Lab4/Lab 4/counter.vhd   ;         ;
; clk_gen.vhd                      ; yes             ; User VHDL File  ; D:/digitalDesign/Lab4/Lab 4/clk_gen.vhd   ;         ;
; gray2.vhd                        ; yes             ; User VHDL File  ; D:/digitalDesign/Lab4/Lab 4/gray2.vhd     ;         ;
+----------------------------------+-----------------+-----------------+-------------------------------------------+---------+


+---------------------------------------------------------+
; Analysis & Synthesis Resource Usage Summary             ;
+---------------------------------------------+-----------+
; Resource                                    ; Usage     ;
+---------------------------------------------+-----------+
; Estimated Total logic elements              ; 198       ;
;                                             ;           ;
; Total combinational functions               ; 184       ;
; Logic element usage by number of LUT inputs ;           ;
;     -- 4 input functions                    ; 61        ;
;     -- 3 input functions                    ; 48        ;
;     -- <=2 input functions                  ; 75        ;
;                                             ;           ;
; Logic elements by mode                      ;           ;
;     -- normal mode                          ; 119       ;
;     -- arithmetic mode                      ; 65        ;
;                                             ;           ;
; Total registers                             ; 85        ;
;     -- Dedicated logic registers            ; 85        ;
;     -- I/O registers                        ; 0         ;
;                                             ;           ;
; I/O pins                                    ; 63        ;
;                                             ;           ;
; Embedded Multiplier 9-bit elements          ; 0         ;
;                                             ;           ;
; Maximum fan-out node                        ; rst~input ;
; Maximum fan-out                             ; 85        ;
; Total fan-out                               ; 916       ;
; Average fan-out                             ; 2.32      ;
+---------------------------------------------+-----------+


+----------------------------------------------------------------------------------------------------------------------------------------------------------------------------------------------------------------------------------------------+
; Analysis & Synthesis Resource Utilization by Entity                                                                                                                                                                                          ;
+----------------------------+---------------------+---------------------------+-------------+------------+--------------+---------+-----------+------+--------------+------------+-------------------------------+-------------+--------------+
; Compilation Hierarchy Node ; Combinational ALUTs ; Dedicated Logic Registers ; Memory Bits ; UFM Blocks ; DSP Elements ; DSP 9x9 ; DSP 18x18 ; Pins ; Virtual Pins ; ADC blocks ; Full Hierarchy Name           ; Entity Name ; Library Name ;
+----------------------------+---------------------+---------------------------+-------------+------------+--------------+---------+-----------+------+--------------+------------+-------------------------------+-------------+--------------+
; |top_level                 ; 184 (0)             ; 85 (0)                    ; 0           ; 0          ; 0            ; 0       ; 0         ; 63   ; 0            ; 0          ; |top_level                    ; top_level   ; work         ;
;    |clk_gen:U_CLK_GEN|     ; 153 (153)           ; 65 (65)                   ; 0           ; 0          ; 0            ; 0       ; 0         ; 0    ; 0            ; 0          ; |top_level|clk_gen:U_CLK_GEN  ; clk_gen     ; work         ;
;    |counter:U_COUNTER|     ; 5 (5)               ; 4 (4)                     ; 0           ; 0          ; 0            ; 0       ; 0         ; 0    ; 0            ; 0          ; |top_level|counter:U_COUNTER  ; counter     ; work         ;
;    |decoder7seg:U_LED4|    ; 7 (7)               ; 0 (0)                     ; 0           ; 0          ; 0            ; 0       ; 0         ; 0    ; 0            ; 0          ; |top_level|decoder7seg:U_LED4 ; decoder7seg ; work         ;
;    |decoder7seg:U_LED5|    ; 7 (7)               ; 0 (0)                     ; 0           ; 0          ; 0            ; 0       ; 0         ; 0    ; 0            ; 0          ; |top_level|decoder7seg:U_LED5 ; decoder7seg ; work         ;
;    |gray2:U_GRAY|          ; 12 (12)             ; 16 (16)                   ; 0           ; 0          ; 0            ; 0       ; 0         ; 0    ; 0            ; 0          ; |top_level|gray2:U_GRAY       ; gray2       ; work         ;
+----------------------------+---------------------+---------------------------+-------------+------------+--------------+---------+-----------+------+--------------+------------+-------------------------------+-------------+--------------+
Note: For table entries with two numbers listed, the numbers in parentheses indicate the number of resources of the given type used by the specific entity alone. The numbers listed outside of parentheses indicate the total resources of the given type used by the specific entity and all of its sub-entities in the hierarchy.


Encoding Type:  One-Hot
+--------------------------------------------------------------------------------------------------------------------------------------------------------------------------------------------------------------------------------------------------------------------------------------+
; State Machine - |top_level|gray2:U_GRAY|state                                                                                                                                                                                                                                        ;
+----------------+----------------+----------------+----------------+----------------+----------------+----------------+---------------+---------------+---------------+---------------+---------------+---------------+---------------+---------------+---------------+---------------+
; Name           ; state.STATE_15 ; state.STATE_14 ; state.STATE_13 ; state.STATE_12 ; state.STATE_11 ; state.STATE_10 ; state.STATE_9 ; state.STATE_8 ; state.STATE_7 ; state.STATE_6 ; state.STATE_5 ; state.STATE_4 ; state.STATE_3 ; state.STATE_2 ; state.STATE_1 ; state.STATE_0 ;
+----------------+----------------+----------------+----------------+----------------+----------------+----------------+---------------+---------------+---------------+---------------+---------------+---------------+---------------+---------------+---------------+---------------+
; state.STATE_0  ; 0              ; 0              ; 0              ; 0              ; 0              ; 0              ; 0             ; 0             ; 0             ; 0             ; 0             ; 0             ; 0             ; 0             ; 0             ; 0             ;
; state.STATE_1  ; 0              ; 0              ; 0              ; 0              ; 0              ; 0              ; 0             ; 0             ; 0             ; 0             ; 0             ; 0             ; 0             ; 0             ; 1             ; 1             ;
; state.STATE_2  ; 0              ; 0              ; 0              ; 0              ; 0              ; 0              ; 0             ; 0             ; 0             ; 0             ; 0             ; 0             ; 0             ; 1             ; 0             ; 1             ;
; state.STATE_3  ; 0              ; 0              ; 0              ; 0              ; 0              ; 0              ; 0             ; 0             ; 0             ; 0             ; 0             ; 0             ; 1             ; 0             ; 0             ; 1             ;
; state.STATE_4  ; 0              ; 0              ; 0              ; 0              ; 0              ; 0              ; 0             ; 0             ; 0             ; 0             ; 0             ; 1             ; 0             ; 0             ; 0             ; 1             ;
; state.STATE_5  ; 0              ; 0              ; 0              ; 0              ; 0              ; 0              ; 0             ; 0             ; 0             ; 0             ; 1             ; 0             ; 0             ; 0             ; 0             ; 1             ;
; state.STATE_6  ; 0              ; 0              ; 0              ; 0              ; 0              ; 0              ; 0             ; 0             ; 0             ; 1             ; 0             ; 0             ; 0             ; 0             ; 0             ; 1             ;
; state.STATE_7  ; 0              ; 0              ; 0              ; 0              ; 0              ; 0              ; 0             ; 0             ; 1             ; 0             ; 0             ; 0             ; 0             ; 0             ; 0             ; 1             ;
; state.STATE_8  ; 0              ; 0              ; 0              ; 0              ; 0              ; 0              ; 0             ; 1             ; 0             ; 0             ; 0             ; 0             ; 0             ; 0             ; 0             ; 1             ;
; state.STATE_9  ; 0              ; 0              ; 0              ; 0              ; 0              ; 0              ; 1             ; 0             ; 0             ; 0             ; 0             ; 0             ; 0             ; 0             ; 0             ; 1             ;
; state.STATE_10 ; 0              ; 0              ; 0              ; 0              ; 0              ; 1              ; 0             ; 0             ; 0             ; 0             ; 0             ; 0             ; 0             ; 0             ; 0             ; 1             ;
; state.STATE_11 ; 0              ; 0              ; 0              ; 0              ; 1              ; 0              ; 0             ; 0             ; 0             ; 0             ; 0             ; 0             ; 0             ; 0             ; 0             ; 1             ;
; state.STATE_12 ; 0              ; 0              ; 0              ; 1              ; 0              ; 0              ; 0             ; 0             ; 0             ; 0             ; 0             ; 0             ; 0             ; 0             ; 0             ; 1             ;
; state.STATE_13 ; 0              ; 0              ; 1              ; 0              ; 0              ; 0              ; 0             ; 0             ; 0             ; 0             ; 0             ; 0             ; 0             ; 0             ; 0             ; 1             ;
; state.STATE_14 ; 0              ; 1              ; 0              ; 0              ; 0              ; 0              ; 0             ; 0             ; 0             ; 0             ; 0             ; 0             ; 0             ; 0             ; 0             ; 1             ;
; state.STATE_15 ; 1              ; 0              ; 0              ; 0              ; 0              ; 0              ; 0             ; 0             ; 0             ; 0             ; 0             ; 0             ; 0             ; 0             ; 0             ; 1             ;
+----------------+----------------+----------------+----------------+----------------+----------------+----------------+---------------+---------------+---------------+---------------+---------------+---------------+---------------+---------------+---------------+---------------+


+------------------------------------------------------+
; General Register Statistics                          ;
+----------------------------------------------+-------+
; Statistic                                    ; Value ;
+----------------------------------------------+-------+
; Total registers                              ; 85    ;
; Number of registers using Synchronous Clear  ; 0     ;
; Number of registers using Synchronous Load   ; 15    ;
; Number of registers using Asynchronous Clear ; 85    ;
; Number of registers using Asynchronous Load  ; 0     ;
; Number of registers using Clock Enable       ; 20    ;
; Number of registers using Preset             ; 0     ;
+----------------------------------------------+-------+


+-------------------------------------------------------------------------------------------------------------------------------------------------------+
; Multiplexer Restructuring Statistics (Restructuring Performed)                                                                                        ;
+--------------------+-----------+---------------+----------------------+------------------------+------------+-----------------------------------------+
; Multiplexer Inputs ; Bus Width ; Baseline Area ; Area if Restructured ; Saving if Restructured ; Registered ; Example Multiplexer Output              ;
+--------------------+-----------+---------------+----------------------+------------------------+------------+-----------------------------------------+
; 3:1                ; 30 bits   ; 60 LEs        ; 30 LEs               ; 30 LEs                 ; Yes        ; |top_level|clk_gen:U_CLK_GEN|cnt[15]    ;
; 4:1                ; 30 bits   ; 60 LEs        ; 60 LEs               ; 0 LEs                  ; Yes        ; |top_level|clk_gen:U_CLK_GEN|tmpCnt[17] ;
; 3:1                ; 2 bits    ; 4 LEs         ; 2 LEs                ; 2 LEs                  ; Yes        ; |top_level|clk_gen:U_CLK_GEN|cnt[31]    ;
; 4:1                ; 2 bits    ; 4 LEs         ; 4 LEs                ; 0 LEs                  ; Yes        ; |top_level|clk_gen:U_CLK_GEN|tmpCnt[0]  ;
+--------------------+-----------+---------------+----------------------+------------------------+------------+-----------------------------------------+


+----------------------------------------------------------------+
; Parameter Settings for User Entity Instance: clk_gen:U_CLK_GEN ;
+----------------+-------+---------------------------------------+
; Parameter Name ; Value ; Type                                  ;
+----------------+-------+---------------------------------------+
; ms_period      ; 1000  ; Signed Integer                        ;
+----------------+-------+---------------------------------------+
Note: In order to hide this table in the UI and the text report file, please set the "Show Parameter Settings in Synthesis Report" option in "Analysis and Synthesis Settings -> More Settings" to "Off".


+------------------------------------------------+
; Port Connectivity Checks: "decoder7seg:U_LED0" ;
+-------+-------+----------+---------------------+
; Port  ; Type  ; Severity ; Details             ;
+-------+-------+----------+---------------------+
; input ; Input ; Info     ; Stuck at GND        ;
+-------+-------+----------+---------------------+


+------------------------------------------------+
; Port Connectivity Checks: "decoder7seg:U_LED1" ;
+-------+-------+----------+---------------------+
; Port  ; Type  ; Severity ; Details             ;
+-------+-------+----------+---------------------+
; input ; Input ; Info     ; Stuck at GND        ;
+-------+-------+----------+---------------------+


+------------------------------------------------+
; Port Connectivity Checks: "decoder7seg:U_LED2" ;
+-------+-------+----------+---------------------+
; Port  ; Type  ; Severity ; Details             ;
+-------+-------+----------+---------------------+
; input ; Input ; Info     ; Stuck at GND        ;
+-------+-------+----------+---------------------+


+------------------------------------------------+
; Port Connectivity Checks: "decoder7seg:U_LED3" ;
+-------+-------+----------+---------------------+
; Port  ; Type  ; Severity ; Details             ;
+-------+-------+----------+---------------------+
; input ; Input ; Info     ; Stuck at GND        ;
+-------+-------+----------+---------------------+


+-----------------------------------------------------+
; Post-Synthesis Netlist Statistics for Top Partition ;
+-----------------------+-----------------------------+
; Type                  ; Count                       ;
+-----------------------+-----------------------------+
; boundary_port         ; 63                          ;
; cycloneiii_ff         ; 85                          ;
;     CLR               ; 53                          ;
;     CLR SLD           ; 12                          ;
;     ENA CLR           ; 17                          ;
;     ENA CLR SLD       ; 3                           ;
; cycloneiii_lcell_comb ; 190                         ;
;     arith             ; 65                          ;
;         2 data inputs ; 63                          ;
;         3 data inputs ; 2                           ;
;     normal            ; 125                         ;
;         0 data inputs ; 2                           ;
;         1 data inputs ; 8                           ;
;         2 data inputs ; 8                           ;
;         3 data inputs ; 46                          ;
;         4 data inputs ; 61                          ;
;                       ;                             ;
; Max LUT depth         ; 5.10                        ;
; Average LUT depth     ; 4.11                        ;
+-----------------------+-----------------------------+


+-------------------------------+
; Elapsed Time Per Partition    ;
+----------------+--------------+
; Partition Name ; Elapsed Time ;
+----------------+--------------+
; Top            ; 00:00:00     ;
+----------------+--------------+


+-------------------------------+
; Analysis & Synthesis Messages ;
+-------------------------------+
Info: *******************************************************************
Info: Running Quartus Prime Analysis & Synthesis
    Info: Version 17.1.0 Build 590 10/25/2017 SJ Lite Edition
    Info: Processing started: Thu Oct 15 17:33:12 2020
Info: Command: quartus_map --read_settings_files=on --write_settings_files=off lab4 -c lab4
Warning (18236): Number of processors has not been specified which may cause overloading on shared machines.  Set the global assignment NUM_PARALLEL_PROCESSORS in your QSF to an appropriate value for best performance.
Info (20030): Parallel compilation is enabled and will use 16 of the 24 processors detected
Info (12021): Found 2 design units, including 1 entities, in source file grayquiz.vhd
    Info (12022): Found design unit 1: grayQuiz-quizBHV File: D:/digitalDesign/Lab4/Lab 4/grayQuiz.vhd Line: 12
    Info (12023): Found entity 1: grayQuiz File: D:/digitalDesign/Lab4/Lab 4/grayQuiz.vhd Line: 4
Info (12021): Found 2 design units, including 1 entities, in source file clk_div_tb.vhd
    Info (12022): Found design unit 1: clk_div_tb-TB File: D:/digitalDesign/Lab4/Lab 4/clk_div_tb.vhd Line: 9
    Info (12023): Found entity 1: clk_div_tb File: D:/digitalDesign/Lab4/Lab 4/clk_div_tb.vhd Line: 5
Info (12021): Found 2 design units, including 1 entities, in source file gray1_tb.vhd
    Info (12022): Found design unit 1: gray1_tb-TB File: D:/digitalDesign/Lab4/Lab 4/gray1_tb.vhd Line: 10
    Info (12023): Found entity 1: gray1_tb File: D:/digitalDesign/Lab4/Lab 4/gray1_tb.vhd Line: 7
Info (12021): Found 2 design units, including 1 entities, in source file /digitaldesign/lab2/decoder7seg.vhd
    Info (12022): Found design unit 1: decoder7seg-d7s File: D:/digitalDesign/lab2/decoder7seg.vhd Line: 11
    Info (12023): Found entity 1: decoder7seg File: D:/digitalDesign/lab2/decoder7seg.vhd Line: 5
Info (12021): Found 2 design units, including 1 entities, in source file top_level.vhd
    Info (12022): Found design unit 1: top_level-STR File: D:/digitalDesign/Lab4/Lab 4/top_level.vhd Line: 40
    Info (12023): Found entity 1: top_level File: D:/digitalDesign/Lab4/Lab 4/top_level.vhd Line: 18
Info (12021): Found 2 design units, including 1 entities, in source file counter.vhd
    Info (12022): Found design unit 1: counter-counterBHV File: D:/digitalDesign/Lab4/Lab 4/counter.vhd Line: 16
    Info (12023): Found entity 1: counter File: D:/digitalDesign/Lab4/Lab 4/counter.vhd Line: 5
Info (12021): Found 2 design units, including 1 entities, in source file clk_gen.vhd
    Info (12022): Found design unit 1: clk_gen-clkGenBHV File: D:/digitalDesign/Lab4/Lab 4/clk_gen.vhd Line: 17
    Info (12023): Found entity 1: clk_gen File: D:/digitalDesign/Lab4/Lab 4/clk_gen.vhd Line: 6
Info (12021): Found 2 design units, including 1 entities, in source file gray1.vhd
    Info (12022): Found design unit 1: gray1-gray1BHV File: D:/digitalDesign/Lab4/Lab 4/gray1.vhd Line: 12
    Info (12023): Found entity 1: gray1 File: D:/digitalDesign/Lab4/Lab 4/gray1.vhd Line: 4
Info (12021): Found 2 design units, including 1 entities, in source file gray2.vhd
    Info (12022): Found design unit 1: gray2-gray2BHV File: D:/digitalDesign/Lab4/Lab 4/gray2.vhd Line: 12
    Info (12023): Found entity 1: gray2 File: D:/digitalDesign/Lab4/Lab 4/gray2.vhd Line: 4
Info (12021): Found 2 design units, including 1 entities, in source file clk_div.vhd
    Info (12022): Found design unit 1: clk_div-clkDivBHV File: D:/digitalDesign/Lab4/Lab 4/clk_div.vhd Line: 19
    Info (12023): Found entity 1: clk_div File: D:/digitalDesign/Lab4/Lab 4/clk_div.vhd Line: 6
Info (12127): Elaborating entity "top_level" for the top level hierarchy
Info (12128): Elaborating entity "gray2" for hierarchy "gray2:U_GRAY" File: D:/digitalDesign/Lab4/Lab 4/top_level.vhd Line: 86
Info (12128): Elaborating entity "counter" for hierarchy "counter:U_COUNTER" File: D:/digitalDesign/Lab4/Lab 4/top_level.vhd Line: 92
Info (12128): Elaborating entity "clk_gen" for hierarchy "clk_gen:U_CLK_GEN" File: D:/digitalDesign/Lab4/Lab 4/top_level.vhd Line: 101
Info (12128): Elaborating entity "decoder7seg" for hierarchy "decoder7seg:U_LED5" File: D:/digitalDesign/Lab4/Lab 4/top_level.vhd Line: 110
Warning (13024): Output pins are stuck at VCC or GND
    Warning (13410): Pin "led0[0]" is stuck at GND File: D:/digitalDesign/Lab4/Lab 4/top_level.vhd Line: 25
    Warning (13410): Pin "led0[1]" is stuck at GND File: D:/digitalDesign/Lab4/Lab 4/top_level.vhd Line: 25
    Warning (13410): Pin "led0[2]" is stuck at GND File: D:/digitalDesign/Lab4/Lab 4/top_level.vhd Line: 25
    Warning (13410): Pin "led0[3]" is stuck at GND File: D:/digitalDesign/Lab4/Lab 4/top_level.vhd Line: 25
    Warning (13410): Pin "led0[4]" is stuck at GND File: D:/digitalDesign/Lab4/Lab 4/top_level.vhd Line: 25
    Warning (13410): Pin "led0[5]" is stuck at GND File: D:/digitalDesign/Lab4/Lab 4/top_level.vhd Line: 25
    Warning (13410): Pin "led0[6]" is stuck at VCC File: D:/digitalDesign/Lab4/Lab 4/top_level.vhd Line: 25
    Warning (13410): Pin "led0_dp" is stuck at VCC File: D:/digitalDesign/Lab4/Lab 4/top_level.vhd Line: 26
    Warning (13410): Pin "led1[0]" is stuck at GND File: D:/digitalDesign/Lab4/Lab 4/top_level.vhd Line: 27
    Warning (13410): Pin "led1[1]" is stuck at GND File: D:/digitalDesign/Lab4/Lab 4/top_level.vhd Line: 27
    Warning (13410): Pin "led1[2]" is stuck at GND File: D:/digitalDesign/Lab4/Lab 4/top_level.vhd Line: 27
    Warning (13410): Pin "led1[3]" is stuck at GND File: D:/digitalDesign/Lab4/Lab 4/top_level.vhd Line: 27
    Warning (13410): Pin "led1[4]" is stuck at GND File: D:/digitalDesign/Lab4/Lab 4/top_level.vhd Line: 27
    Warning (13410): Pin "led1[5]" is stuck at GND File: D:/digitalDesign/Lab4/Lab 4/top_level.vhd Line: 27
    Warning (13410): Pin "led1[6]" is stuck at VCC File: D:/digitalDesign/Lab4/Lab 4/top_level.vhd Line: 27
    Warning (13410): Pin "led1_dp" is stuck at VCC File: D:/digitalDesign/Lab4/Lab 4/top_level.vhd Line: 28
    Warning (13410): Pin "led2[0]" is stuck at GND File: D:/digitalDesign/Lab4/Lab 4/top_level.vhd Line: 29
    Warning (13410): Pin "led2[1]" is stuck at GND File: D:/digitalDesign/Lab4/Lab 4/top_level.vhd Line: 29
    Warning (13410): Pin "led2[2]" is stuck at GND File: D:/digitalDesign/Lab4/Lab 4/top_level.vhd Line: 29
    Warning (13410): Pin "led2[3]" is stuck at GND File: D:/digitalDesign/Lab4/Lab 4/top_level.vhd Line: 29
    Warning (13410): Pin "led2[4]" is stuck at GND File: D:/digitalDesign/Lab4/Lab 4/top_level.vhd Line: 29
    Warning (13410): Pin "led2[5]" is stuck at GND File: D:/digitalDesign/Lab4/Lab 4/top_level.vhd Line: 29
    Warning (13410): Pin "led2[6]" is stuck at VCC File: D:/digitalDesign/Lab4/Lab 4/top_level.vhd Line: 29
    Warning (13410): Pin "led2_dp" is stuck at VCC File: D:/digitalDesign/Lab4/Lab 4/top_level.vhd Line: 30
    Warning (13410): Pin "led3[0]" is stuck at GND File: D:/digitalDesign/Lab4/Lab 4/top_level.vhd Line: 31
    Warning (13410): Pin "led3[1]" is stuck at GND File: D:/digitalDesign/Lab4/Lab 4/top_level.vhd Line: 31
    Warning (13410): Pin "led3[2]" is stuck at GND File: D:/digitalDesign/Lab4/Lab 4/top_level.vhd Line: 31
    Warning (13410): Pin "led3[3]" is stuck at GND File: D:/digitalDesign/Lab4/Lab 4/top_level.vhd Line: 31
    Warning (13410): Pin "led3[4]" is stuck at GND File: D:/digitalDesign/Lab4/Lab 4/top_level.vhd Line: 31
    Warning (13410): Pin "led3[5]" is stuck at GND File: D:/digitalDesign/Lab4/Lab 4/top_level.vhd Line: 31
    Warning (13410): Pin "led3[6]" is stuck at VCC File: D:/digitalDesign/Lab4/Lab 4/top_level.vhd Line: 31
    Warning (13410): Pin "led3_dp" is stuck at VCC File: D:/digitalDesign/Lab4/Lab 4/top_level.vhd Line: 32
    Warning (13410): Pin "led4_dp" is stuck at VCC File: D:/digitalDesign/Lab4/Lab 4/top_level.vhd Line: 34
    Warning (13410): Pin "led5_dp" is stuck at VCC File: D:/digitalDesign/Lab4/Lab 4/top_level.vhd Line: 36
Info (286030): Timing-Driven Synthesis is running
Critical Warning (18061): Ignored Power-Up Level option on the following registers
    Critical Warning (18010): Register clk_gen:U_CLK_GEN|tmpCnt[31] will power up to Low File: D:/digitalDesign/Lab4/Lab 4/clk_gen.vhd Line: 32
    Critical Warning (18010): Register clk_gen:U_CLK_GEN|tmpCnt[0] will power up to Low File: D:/digitalDesign/Lab4/Lab 4/clk_gen.vhd Line: 32
    Critical Warning (18010): Register clk_gen:U_CLK_GEN|cnt[31] will power up to Low File: D:/digitalDesign/Lab4/Lab 4/clk_gen.vhd Line: 32
    Critical Warning (18010): Register clk_gen:U_CLK_GEN|cnt[0] will power up to Low File: D:/digitalDesign/Lab4/Lab 4/clk_gen.vhd Line: 32
Warning (20013): Ignored 24 assignments for entity "alu_ns" -- entity does not exist in design
    Warning (20014): Assignment for entity set_instance_assignment -name PARTITION_HIERARCHY root_partition -to | -entity alu_ns -section_id Top was ignored
    Warning (20014): Assignment for entity set_global_assignment -name PARTITION_NETLIST_TYPE SOURCE -entity alu_ns -section_id Top was ignored
    Warning (20014): Assignment for entity set_global_assignment -name PARTITION_FITTER_PRESERVATION_LEVEL PLACEMENT_AND_ROUTING -entity alu_ns -section_id Top was ignored
    Warning (20014): Assignment for entity set_global_assignment -name PARTITION_PRESERVE_HIGH_SPEED_TILES ON -entity alu_ns -section_id Top was ignored
    Warning (20014): Assignment for entity set_global_assignment -name PARTITION_IGNORE_SOURCE_FILE_CHANGES OFF -entity alu_ns -section_id Top was ignored
    Warning (20014): Assignment for entity set_global_assignment -name PARTITION_ALWAYS_USE_QXP_NETLIST OFF -entity alu_ns -section_id Top was ignored
    Warning (20014): Assignment for entity set_global_assignment -name PARTITION_COLOR 16764057 -entity alu_ns -section_id Top was ignored
    Warning (20014): Assignment for entity set_global_assignment -name PARTITION_IMPORT_ASSIGNMENTS ON -entity alu_ns -section_id Top was ignored
    Warning (20014): Assignment for entity set_global_assignment -name PARTITION_IMPORT_EXISTING_ASSIGNMENTS REPLACE_CONFLICTING -entity alu_ns -section_id Top was ignored
    Warning (20014): Assignment for entity set_global_assignment -name PARTITION_IMPORT_EXISTING_LOGICLOCK_REGIONS UPDATE_CONFLICTING -entity alu_ns -section_id Top was ignored
    Warning (20014): Assignment for entity set_global_assignment -name PARTITION_IMPORT_PIN_ASSIGNMENTS ON -entity alu_ns -section_id Top was ignored
    Warning (20014): Assignment for entity set_global_assignment -name PARTITION_IMPORT_PROMOTE_ASSIGNMENTS ON -entity alu_ns -section_id Top was ignored
    Warning (20014): Assignment for entity set_global_assignment -name PARTITION_TYPE STANDARD_PARTITION -entity alu_ns -section_id Top was ignored
    Warning (20014): Assignment for entity set_global_assignment -name ALLOW_MULTIPLE_PERSONAS OFF -entity alu_ns -section_id Top was ignored
    Warning (20014): Assignment for entity set_global_assignment -name PARTITION_ASD_REGION_ID 1 -entity alu_ns -section_id Top was ignored
    Warning (20014): Assignment for entity set_global_assignment -name CROSS_BOUNDARY_OPTIMIZATIONS OFF -entity alu_ns -section_id Top was ignored
    Warning (20014): Assignment for entity set_global_assignment -name PROPAGATE_CONSTANTS_ON_INPUTS ON -entity alu_ns -section_id Top was ignored
    Warning (20014): Assignment for entity set_global_assignment -name PROPAGATE_INVERSIONS_ON_INPUTS ON -entity alu_ns -section_id Top was ignored
    Warning (20014): Assignment for entity set_global_assignment -name REMOVE_LOGIC_ON_UNCONNECTED_OUTPUTS ON -entity alu_ns -section_id Top was ignored
    Warning (20014): Assignment for entity set_global_assignment -name MERGE_EQUIVALENT_INPUTS ON -entity alu_ns -section_id Top was ignored
    Warning (20014): Assignment for entity set_global_assignment -name MERGE_EQUIVALENT_BIDIRS ON -entity alu_ns -section_id Top was ignored
    Warning (20014): Assignment for entity set_global_assignment -name ABSORB_PATHS_FROM_OUTPUTS_TO_INPUTS ON -entity alu_ns -section_id Top was ignored
    Warning (20014): Assignment for entity set_global_assignment -name PARTITION_EXTRACT_HARD_BLOCK_NODES ON -entity alu_ns -section_id Top was ignored
    Warning (20014): Assignment for entity set_global_assignment -name PARTITION_ENABLE_STRICT_PRESERVATION OFF -entity alu_ns -section_id Top was ignored
Info (16010): Generating hard_block partition "hard_block:auto_generated_inst"
    Info (16011): Adding 0 node(s), including 0 DDIO, 0 PLL, 0 transceiver and 0 LCELL
Warning (21074): Design contains 5 input pin(s) that do not drive logic
    Warning (15610): No output dependent on input pin "switch[0]" File: D:/digitalDesign/Lab4/Lab 4/top_level.vhd Line: 23
    Warning (15610): No output dependent on input pin "switch[1]" File: D:/digitalDesign/Lab4/Lab 4/top_level.vhd Line: 23
    Warning (15610): No output dependent on input pin "switch[2]" File: D:/digitalDesign/Lab4/Lab 4/top_level.vhd Line: 23
    Warning (15610): No output dependent on input pin "switch[3]" File: D:/digitalDesign/Lab4/Lab 4/top_level.vhd Line: 23
    Warning (15610): No output dependent on input pin "button[0]" File: D:/digitalDesign/Lab4/Lab 4/top_level.vhd Line: 24
Info (21057): Implemented 261 device resources after synthesis - the final resource count might be different
    Info (21058): Implemented 15 input pins
    Info (21059): Implemented 48 output pins
    Info (21061): Implemented 198 logic cells
Info: Quartus Prime Analysis & Synthesis was successful. 0 errors, 72 warnings
    Info: Peak virtual memory: 4867 megabytes
    Info: Processing ended: Thu Oct 15 17:33:23 2020
    Info: Elapsed time: 00:00:11
    Info: Total CPU time (on all processors): 00:00:18


